[2026-09-22 15:09:51,895] 97 werkzeug - INFO - [31m[1mWARNING: This is a development server. Do not use it in a production deployment. Use a production WSGI server instead.[0m
 * Running on all addresses (0.0.0.0)
 * Running on http://127.0.0.1:5000
 * Running on http://192.168.4.48:5000
[2026-09-22 15:09:51,897] 97 werkzeug - INFO - [33mPress CTRL+C to quit[0m
[2026-09-22 15:10:01,953] 97 werkzeug - INFO - 127.0.0.1 - - [22/Sep/2026 15:10:01] "GET /predictdata HTTP/1.1" 200 -
[2026-09-22 15:10:02,149] 97 werkzeug - INFO - 127.0.0.1 - - [22/Sep/2026 15:10:02] "[33mGET /favicon.ico HTTP/1.1[0m" 404 -
[2026-09-22 15:10:27,992] 838 app - ERROR - Exception on /predictdata [POST]
Traceback (most recent call last):
  File "D:\mlproject\src\pipeline\predict_pipeline.py", line 12, in predict
    model_path= os.join.path('artifacts', 'model.pkl')
AttributeError: module 'os' has no attribute 'join'

During handling of the above exception, another exception occurred:

Traceback (most recent call last):
  File "D:\mlproject\venv\lib\site-packages\flask\app.py", line 1473, in wsgi_app
    response = self.full_dispatch_request()
  File "D:\mlproject\venv\lib\site-packages\flask\app.py", line 882, in full_dispatch_request
    rv = self.handle_user_exception(e)
  File "D:\mlproject\venv\lib\site-packages\flask\app.py", line 880, in full_dispatch_request
    rv = self.dispatch_request()
  File "D:\mlproject\venv\lib\site-packages\flask\app.py", line 865, in dispatch_request
    return self.ensure_sync(self.view_functions[rule.endpoint])(**view_args)  # type: ignore[no-any-return]
  File "app.py", line 37, in predict_datapoint
    results= predict_pipeline.predict(pred_df)
  File "D:\mlproject\src\pipeline\predict_pipeline.py", line 22, in predict
    raise CustomException(e, sys)
src.exception.CustomException: Error occured in python script name [D:\mlproject\src\pipeline\predict_pipeline.py], line number [12] error message [module 'os' has no attribute 'join']
[2026-09-22 15:10:27,999] 97 werkzeug - INFO - 127.0.0.1 - - [22/Sep/2026 15:10:27] "[35m[1mPOST /predictdata HTTP/1.1[0m" 500 -
[2026-09-22 15:10:31,402] 838 app - ERROR - Exception on /predictdata [POST]
Traceback (most recent call last):
  File "D:\mlproject\src\pipeline\predict_pipeline.py", line 12, in predict
    model_path= os.join.path('artifacts', 'model.pkl')
AttributeError: module 'os' has no attribute 'join'

During handling of the above exception, another exception occurred:

Traceback (most recent call last):
  File "D:\mlproject\venv\lib\site-packages\flask\app.py", line 1473, in wsgi_app
    response = self.full_dispatch_request()
  File "D:\mlproject\venv\lib\site-packages\flask\app.py", line 882, in full_dispatch_request
    rv = self.handle_user_exception(e)
  File "D:\mlproject\venv\lib\site-packages\flask\app.py", line 880, in full_dispatch_request
    rv = self.dispatch_request()
  File "D:\mlproject\venv\lib\site-packages\flask\app.py", line 865, in dispatch_request
    return self.ensure_sync(self.view_functions[rule.endpoint])(**view_args)  # type: ignore[no-any-return]
  File "app.py", line 37, in predict_datapoint
    results= predict_pipeline.predict(pred_df)
  File "D:\mlproject\src\pipeline\predict_pipeline.py", line 22, in predict
    raise CustomException(e, sys)
src.exception.CustomException: Error occured in python script name [D:\mlproject\src\pipeline\predict_pipeline.py], line number [12] error message [module 'os' has no attribute 'join']
[2026-09-22 15:10:31,404] 97 werkzeug - INFO - 127.0.0.1 - - [22/Sep/2026 15:10:31] "[35m[1mPOST /predictdata HTTP/1.1[0m" 500 -
